[    0.000000] Linux version 4.15.0-88-generic (buildd@lgw01-amd64-036) (gcc version 7.4.0 (Ubuntu 7.4.0-1ubuntu1~18.04.1)) #88-Ubuntu SMP Tue Feb 11 20:11:34 UTC 2020 (Ubuntu 4.15.0-88.88-generic 4.15.18)
[    0.000000] Command line: BOOT_IMAGE=/boot/vmlinuz-4.15.0-88-generic root=LABEL=cloudimg-rootfs ro console=tty1 console=ttyS0
[    0.000000] KERNEL supported cpus:
[    0.000000]   Intel GenuineIntel
[    0.000000]   AMD AuthenticAMD
[    0.000000]   Centaur CentaurHauls
[    0.000000] x86/fpu: x87 FPU will use FXSAVE
[    0.000000] e820: BIOS-provided physical RAM map:
[    0.000000] BIOS-e820: [mem 0x0000000000000000-0x000000000009fbff] usable
[    0.000000] BIOS-e820: [mem 0x000000000009fc00-0x000000000009ffff] reserved
[    0.000000] BIOS-e820: [mem 0x00000000000f0000-0x00000000000fffff] reserved
[    0.000000] BIOS-e820: [mem 0x0000000000100000-0x00000000dffeffff] usable
[    0.000000] BIOS-e820: [mem 0x00000000dfff0000-0x00000000dfffffff] ACPI data
[    0.000000] BIOS-e820: [mem 0x00000000fec00000-0x00000000fec00fff] reserved
[    0.000000] BIOS-e820: [mem 0x00000000fee00000-0x00000000fee00fff] reserved
[    0.000000] BIOS-e820: [mem 0x00000000fffc0000-0x00000000ffffffff] reserved
[    0.000000] BIOS-e820: [mem 0x0000000100000000-0x000000011fffffff] usable
[    0.000000] NX (Execute Disable) protection: active
[    0.000000] SMBIOS 2.5 present.
[    0.000000] DMI: innotek GmbH VirtualBox/VirtualBox, BIOS VirtualBox 12/01/2006
[    0.000000] Hypervisor detected: KVM
[    0.000000] e820: last_pfn = 0x120000 max_arch_pfn = 0x400000000
[    0.000000] MTRR: Disabled
[    0.000000] x86/PAT: MTRRs disabled, skipping PAT initialization too.
[    0.000000] CPU MTRRs all blank - virtualized system.
[    0.000000] x86/PAT: Configuration [0-7]: WB  WT  UC- UC  WB  WT  UC- UC  
[    0.000000] e820: last_pfn = 0xdfff0 max_arch_pfn = 0x400000000
[    0.000000] found SMP MP-table at [mem 0x0009fff0-0x0009ffff]
[    0.000000] Scanning 1 areas for low memory corruption
[    0.000000] RAMDISK: [mem 0x35a6d000-0x36d2dfff]
[    0.000000] ACPI: Early table checksum verification disabled
[    0.000000] ACPI: RSDP 0x00000000000E0000 000024 (v02 VBOX  )
[    0.000000] ACPI: XSDT 0x00000000DFFF0030 00003C (v01 VBOX   VBOXXSDT 00000001 ASL  00000061)
[    0.000000] ACPI: FACP 0x00000000DFFF00F0 0000F4 (v04 VBOX   VBOXFACP 00000001 ASL  00000061)
[    0.000000] ACPI: DSDT 0x00000000DFFF0470 0022EA (v02 VBOX   VBOXBIOS 00000002 INTL 20100528)
[    0.000000] ACPI: FACS 0x00000000DFFF0200 000040
[    0.000000] ACPI: FACS 0x00000000DFFF0200 000040
[    0.000000] ACPI: APIC 0x00000000DFFF0240 00005C (v02 VBOX   VBOXAPIC 00000001 ASL  00000061)
[    0.000000] ACPI: SSDT 0x00000000DFFF02A0 0001CC (v01 VBOX   VBOXCPUT 00000002 INTL 20100528)
[    0.000000] No NUMA configuration found
[    0.000000] Faking a node at [mem 0x0000000000000000-0x000000011fffffff]
[    0.000000] NODE_DATA(0) allocated [mem 0x11ffd1000-0x11fffbfff]
[    0.000000] kvm-clock: cpu 0, msr 1:1ff50001, primary cpu clock
[    0.000000] kvm-clock: Using msrs 4b564d01 and 4b564d00
[    0.000000] kvm-clock: using sched offset of 5141036201 cycles
[    0.000000] clocksource: kvm-clock: mask: 0xffffffffffffffff max_cycles: 0x1cd42e4dffb, max_idle_ns: 881590591483 ns
[    0.000000] Zone ranges:
[    0.000000]   DMA      [mem 0x0000000000001000-0x0000000000ffffff]
[    0.000000]   DMA32    [mem 0x0000000001000000-0x00000000ffffffff]
[    0.000000]   Normal   [mem 0x0000000100000000-0x000000011fffffff]
[    0.000000]   Device   empty
[    0.000000] Movable zone start for each node
[    0.000000] Early memory node ranges
[    0.000000]   node   0: [mem 0x0000000000001000-0x000000000009efff]
[    0.000000]   node   0: [mem 0x0000000000100000-0x00000000dffeffff]
[    0.000000]   node   0: [mem 0x0000000100000000-0x000000011fffffff]
[    0.000000] Reserved but unavailable: 98 pages
[    0.000000] Initmem setup node 0 [mem 0x0000000000001000-0x000000011fffffff]
[    0.000000] ACPI: PM-Timer IO Port: 0x4008
[    0.000000] IOAPIC[0]: apic_id 2, version 32, address 0xfec00000, GSI 0-23
[    0.000000] ACPI: INT_SRC_OVR (bus 0 bus_irq 0 global_irq 2 dfl dfl)
[    0.000000] ACPI: INT_SRC_OVR (bus 0 bus_irq 9 global_irq 9 low level)
[    0.000000] Using ACPI (MADT) for SMP configuration information
[    0.000000] smpboot: Allowing 2 CPUs, 0 hotplug CPUs
[    0.000000] PM: Registered nosave memory: [mem 0x00000000-0x00000fff]
[    0.000000] PM: Registered nosave memory: [mem 0x0009f000-0x0009ffff]
[    0.000000] PM: Registered nosave memory: [mem 0x000a0000-0x000effff]
[    0.000000] PM: Registered nosave memory: [mem 0x000f0000-0x000fffff]
[    0.000000] PM: Registered nosave memory: [mem 0xdfff0000-0xdfffffff]
[    0.000000] PM: Registered nosave memory: [mem 0xe0000000-0xfebfffff]
[    0.000000] PM: Registered nosave memory: [mem 0xfec00000-0xfec00fff]
[    0.000000] PM: Registered nosave memory: [mem 0xfec01000-0xfedfffff]
[    0.000000] PM: Registered nosave memory: [mem 0xfee00000-0xfee00fff]
[    0.000000] PM: Registered nosave memory: [mem 0xfee01000-0xfffbffff]
[    0.000000] PM: Registered nosave memory: [mem 0xfffc0000-0xffffffff]
[    0.000000] e820: [mem 0xe0000000-0xfebfffff] available for PCI devices
[    0.000000] Booting paravirtualized kernel on KVM
[    0.000000] clocksource: refined-jiffies: mask: 0xffffffff max_cycles: 0xffffffff, max_idle_ns: 7645519600211568 ns
[    0.000000] random: get_random_bytes called from start_kernel+0x99/0x4fd with crng_init=0
[    0.000000] setup_percpu: NR_CPUS:8192 nr_cpumask_bits:2 nr_cpu_ids:2 nr_node_ids:1
[    0.000000] percpu: Embedded 45 pages/cpu s147456 r8192 d28672 u1048576
[    0.000000] PV qspinlock hash table entries: 256 (order: 0, 4096 bytes)
[    0.000000] Built 1 zonelists, mobility grouping on.  Total pages: 1032057
[    0.000000] Policy zone: Normal
[    0.000000] Kernel command line: BOOT_IMAGE=/boot/vmlinuz-4.15.0-88-generic root=LABEL=cloudimg-rootfs ro console=tty1 console=ttyS0
[    0.000000] Memory: 4013676K/4193848K available (12300K kernel code, 2481K rwdata, 4264K rodata, 2428K init, 2712K bss, 180172K reserved, 0K cma-reserved)
[    0.000000] SLUB: HWalign=64, Order=0-3, MinObjects=0, CPUs=2, Nodes=1
[    0.000000] Kernel/User page tables isolation: enabled
[    0.000000] ftrace: allocating 39344 entries in 154 pages
[    0.004000] Hierarchical RCU implementation.
[    0.004000] 	RCU restricting CPUs from NR_CPUS=8192 to nr_cpu_ids=2.
[    0.004000] 	Tasks RCU enabled.
[    0.004000] RCU: Adjusting geometry for rcu_fanout_leaf=16, nr_cpu_ids=2
[    0.004000] NR_IRQS: 524544, nr_irqs: 440, preallocated irqs: 16
[    0.004000] Console: colour VGA+ 80x25
[    0.004000] console [tty1] enabled
[    0.004000] console [ttyS0] enabled
[    0.004000] ACPI: Core revision 20170831
[    0.004000] ACPI: 2 ACPI AML tables successfully acquired and loaded
[    0.004000] APIC: Switch to symmetric I/O mode setup
[    0.004000] x2apic enabled
[    0.004000] Switched APIC routing to physical x2apic.
[    0.005900] ..TIMER: vector=0x30 apic1=0 pin1=2 apic2=-1 pin2=-1
[    0.008004] tsc: Detected 2128.366 MHz processor
[    0.009599] Calibrating delay loop (skipped) preset value.. 4256.73 BogoMIPS (lpj=8513464)
[    0.012004] pid_max: default: 32768 minimum: 301
[    0.013642] Security Framework initialized
[    0.016004] Yama: becoming mindful.
[    0.017278] AppArmor: AppArmor initialized
[    0.020955] Dentry cache hash table entries: 524288 (order: 10, 4194304 bytes)
[    0.025067] Inode-cache hash table entries: 262144 (order: 9, 2097152 bytes)
[    0.028042] Mount-cache hash table entries: 8192 (order: 4, 65536 bytes)
[    0.030302] Mountpoint-cache hash table entries: 8192 (order: 4, 65536 bytes)
[    0.032437] Last level iTLB entries: 4KB 512, 2MB 7, 4MB 7
[    0.034404] Last level dTLB entries: 4KB 512, 2MB 32, 4MB 32, 1GB 0
[    0.036005] Spectre V1 : Mitigation: usercopy/swapgs barriers and __user pointer sanitization
[    0.040004] Spectre V2 : Mitigation: Full generic retpoline
[    0.042149] Spectre V2 : Spectre v2 / SpectreRSB mitigation: Filling RSB on context switch
[    0.044004] Speculative Store Bypass: Vulnerable
[    0.048044] MDS: Vulnerable: Clear CPU buffers attempted, no microcode
[    0.050728] Freeing SMP alternatives memory: 36K
[    0.164141] smpboot: CPU0: Intel(R) Core(TM) i3 CPU       M 330  @ 2.13GHz (family: 0x6, model: 0x25, stepping: 0x2)
[    0.168152] Performance Events: unsupported p6 CPU model 37 no PMU driver, software events only.
[    0.171349] Hierarchical SRCU implementation.
[    0.173165] NMI watchdog: Perf event create on CPU 0 failed with -2
[    0.176005] NMI watchdog: Perf NMI watchdog permanently disabled
[    0.178359] smp: Bringing up secondary CPUs ...
[    0.180819] x86: Booting SMP configuration:
[    0.182424] .... node  #0, CPUs:      #1
[    0.004000] kvm-clock: cpu 1, msr 1:1ff50041, secondary cpu clock
[    0.192056] smp: Brought up 1 node, 2 CPUs
[    0.193513] smpboot: Max logical packages: 1
[    0.195162] smpboot: Total of 2 processors activated (8513.46 BogoMIPS)
[    0.196381] devtmpfs: initialized
[    0.197422] x86/mm: Memory block size: 128MB
[    0.200564] evm: security.selinux
[    0.201853] evm: security.SMACK64
[    0.204005] evm: security.SMACK64EXEC
[    0.205402] evm: security.SMACK64TRANSMUTE
[    0.206994] evm: security.SMACK64MMAP
[    0.208003] evm: security.apparmor
[    0.209297] evm: security.ima
[    0.210455] evm: security.capability
[    0.212225] clocksource: jiffies: mask: 0xffffffff max_cycles: 0xffffffff, max_idle_ns: 7645041785100000 ns
[    0.216067] futex hash table entries: 512 (order: 3, 32768 bytes)
[    0.218460] pinctrl core: initialized pinctrl subsystem
[    0.220155] RTC time: 19:25:56, date: 03/09/20
[    0.222180] NET: Registered protocol family 16
[    0.224113] audit: initializing netlink subsys (disabled)
[    0.226144] audit: type=2000 audit(1583781963.778:1): state=initialized audit_enabled=0 res=1
[    0.228020] cpuidle: using governor ladder
[    0.232012] cpuidle: using governor menu
[    0.233538] ACPI: bus type PCI registered
[    0.235116] acpiphp: ACPI Hot Plug PCI Controller Driver version: 0.5
[    0.236165] PCI: Using configuration type 1 for base access
[    0.241949] HugeTLB registered 2.00 MiB page size, pre-allocated 0 pages
[    0.244281] ACPI: Added _OSI(Module Device)
[    0.245772] ACPI: Added _OSI(Processor Device)
[    0.248006] ACPI: Added _OSI(3.0 _SCP Extensions)
[    0.249740] ACPI: Added _OSI(Processor Aggregator Device)
[    0.252024] ACPI: Added _OSI(Linux-Dell-Video)
[    0.253636] ACPI: Added _OSI(Linux-Lenovo-NV-HDMI-Audio)
[    0.256005] ACPI: Added _OSI(Linux-HPI-Hybrid-Graphics)
[    0.260260] ACPI: Executed 1 blocks of module-level executable AML code
[    0.268594] ACPI: Interpreter enabled
[    0.270058] ACPI: (supports S0 S5)
[    0.271387] ACPI: Using IOAPIC for interrupt routing
[    0.272406] PCI: Using host bridge windows from ACPI; if necessary, use "pci=nocrs" and report a bug
[    0.276348] ACPI: Enabled 2 GPEs in block 00 to 07
[    0.292122] ACPI: PCI Root Bridge [PCI0] (domain 0000 [bus 00-ff])
[    0.294431] acpi PNP0A03:00: _OSC: OS supports [ASPM ClockPM Segments MSI]
[    0.296887] acpi PNP0A03:00: _OSC: not requesting OS control; OS requires [ExtendedConfig ASPM ClockPM MSI]
[    0.300020] acpi PNP0A03:00: fail to add MMCONFIG information, can't access extended PCI configuration space under this bridge.
[    0.304811] PCI host bridge to bus 0000:00
[    0.308006] pci_bus 0000:00: root bus resource [io  0x0000-0x0cf7 window]
[    0.310421] pci_bus 0000:00: root bus resource [io  0x0d00-0xffff window]
[    0.312005] pci_bus 0000:00: root bus resource [mem 0x000a0000-0x000bffff window]
[    0.316006] pci_bus 0000:00: root bus resource [mem 0xe0000000-0xfdffffff window]
[    0.318899] pci_bus 0000:00: root bus resource [bus 00-ff]
[    0.327087] pci 0000:00:01.1: legacy IDE quirk: reg 0x10: [io  0x01f0-0x01f7]
[    0.328005] pci 0000:00:01.1: legacy IDE quirk: reg 0x14: [io  0x03f6]
[    0.332005] pci 0000:00:01.1: legacy IDE quirk: reg 0x18: [io  0x0170-0x0177]
[    0.334512] pci 0000:00:01.1: legacy IDE quirk: reg 0x1c: [io  0x0376]
[    0.434315] pci 0000:00:07.0: quirk: [io  0x4000-0x403f] claimed by PIIX4 ACPI
[    0.436041] pci 0000:00:07.0: quirk: [io  0x4100-0x410f] claimed by PIIX4 SMB
[    0.478297] ACPI: PCI Interrupt Link [LNKA] (IRQs 5 9 10 *11)
[    0.480678] ACPI: PCI Interrupt Link [LNKB] (IRQs 5 9 *10 11)
[    0.484329] ACPI: PCI Interrupt Link [LNKC] (IRQs 5 *9 10 11)
[    0.488204] ACPI: PCI Interrupt Link [LNKD] (IRQs 5 9 10 *11)
[    0.491775] SCSI subsystem initialized
[    0.492097] pci 0000:00:02.0: vgaarb: setting as boot VGA device
[    0.494906] pci 0000:00:02.0: vgaarb: VGA device added: decodes=io+mem,owns=io+mem,locks=none
[    0.496010] pci 0000:00:02.0: vgaarb: bridge control possible
[    0.498094] vgaarb: loaded
[    0.499330] ACPI: bus type USB registered
[    0.500047] usbcore: registered new interface driver usbfs
[    0.504019] usbcore: registered new interface driver hub
[    0.506719] usbcore: registered new device driver usb
[    0.508127] EDAC MC: Ver: 3.0.0
[    0.512115] PCI: Using ACPI for IRQ routing
[    0.514304] NetLabel: Initializing
[    0.516006] NetLabel:  domain hash size = 128
[    0.517708] NetLabel:  protocols = UNLABELED CIPSOv4 CALIPSO
[    0.520031] NetLabel:  unlabeled traffic allowed by default
[    0.522630] clocksource: Switched to clocksource kvm-clock
[    0.545843] VFS: Disk quotas dquot_6.6.0
[    0.547830] VFS: Dquot-cache hash table entries: 512 (order 0, 4096 bytes)
[    0.551406] AppArmor: AppArmor Filesystem Enabled
[    0.553310] pnp: PnP ACPI init
[    0.556641] pnp: PnP ACPI: found 3 devices
[    0.571326] clocksource: acpi_pm: mask: 0xffffff max_cycles: 0xffffff, max_idle_ns: 2085701024 ns
[    0.574559] NET: Registered protocol family 2
[    0.576366] TCP established hash table entries: 32768 (order: 6, 262144 bytes)
[    0.579057] TCP bind hash table entries: 32768 (order: 7, 524288 bytes)
[    0.581541] TCP: Hash tables configured (established 32768 bind 32768)
[    0.583860] UDP hash table entries: 2048 (order: 4, 65536 bytes)
[    0.586176] UDP-Lite hash table entries: 2048 (order: 4, 65536 bytes)
[    0.588505] NET: Registered protocol family 1
[    0.590122] pci 0000:00:00.0: Limiting direct PCI/PCI transfers
[    0.592289] pci 0000:00:01.0: Activating ISA DMA hang workarounds
[    0.594495] pci 0000:00:02.0: Video device with shadowed ROM at [mem 0x000c0000-0x000dffff]
[    0.597682] Unpacking initramfs...
[    1.053767] Freeing initrd memory: 19204K
[    1.055470] PCI-DMA: Using software bounce buffering for IO (SWIOTLB)
[    1.057888] software IO TLB: mapped [mem 0xdbff0000-0xdfff0000] (64MB)
[    1.060510] clocksource: tsc: mask: 0xffffffffffffffff max_cycles: 0x1eaddcdb756, max_idle_ns: 440795217975 ns
[    1.064086] platform rtc_cmos: registered platform RTC device (no PNP device found)
[    1.066906] Scanning for low memory corruption every 60 seconds
[    1.070671] Initialise system trusted keyrings
[    1.072295] Key type blacklist registered
[    1.074212] workingset: timestamp_bits=36 max_order=20 bucket_order=0
[    1.078103] zbud: loaded
[    1.082822] squashfs: version 4.0 (2009/01/31) Phillip Lougher
[    1.085674] fuse init (API version 7.26)
[    1.093454] Key type asymmetric registered
[    1.094988] Asymmetric key parser 'x509' registered
[    1.096993] Block layer SCSI generic (bsg) driver version 0.4 loaded (major 246)
[    1.099810] io scheduler noop registered
[    1.101363] io scheduler deadline registered
[    1.104166] io scheduler cfq registered (default)
[    1.107080] ACPI: AC Adapter [AC] (on-line)
[    1.108981] input: Power Button as /devices/LNXSYSTM:00/LNXPWRBN:00/input/input0
[    1.111955] ACPI: Power Button [PWRF]
[    1.113455] input: Sleep Button as /devices/LNXSYSTM:00/LNXSLPBN:00/input/input1
[    1.116181] ACPI: Sleep Button [SLPF]
[    1.119954] ACPI: Battery Slot [BAT0] (battery present)
[    1.122002] Serial: 8250/16550 driver, 32 ports, IRQ sharing enabled
[    1.146079] 00:02: ttyS0 at I/O 0x3f8 (irq = 4, base_baud = 115200) is a 16550A
[    1.154651] Linux agpgart interface v0.103
[    1.162358] loop: module loaded
[    1.164595] scsi host0: ata_piix
[    1.166079] scsi host1: ata_piix
[    1.167330] ata1: PATA max UDMA/33 cmd 0x1f0 ctl 0x3f6 bmdma 0xd000 irq 14
[    1.169760] ata2: PATA max UDMA/33 cmd 0x170 ctl 0x376 bmdma 0xd008 irq 15
[    1.173203] libphy: Fixed MDIO Bus: probed
[    1.174790] tun: Universal TUN/TAP device driver, 1.6
[    1.176716] PPP generic driver version 2.4.2
[    1.178327] ehci_hcd: USB 2.0 'Enhanced' Host Controller (EHCI) Driver
[    1.180652] ehci-pci: EHCI PCI platform driver
[    1.182259] ehci-platform: EHCI generic platform driver
[    1.184190] ohci_hcd: USB 1.1 'Open' Host Controller (OHCI) Driver
[    1.186394] ohci-pci: OHCI PCI platform driver
[    1.188100] ohci-platform: OHCI generic platform driver
[    1.190014] uhci_hcd: USB Universal Host Controller Interface driver
[    1.192293] i8042: PNP: PS/2 Controller [PNP0303:PS2K,PNP0f03:PS2M] at 0x60,0x64 irq 1,12
[    1.195952] serio: i8042 KBD port at 0x60,0x64 irq 1
[    1.197808] serio: i8042 AUX port at 0x60,0x64 irq 12
[    1.199689] mousedev: PS/2 mouse device common for all mice
[    1.202150] input: AT Translated Set 2 keyboard as /devices/platform/i8042/serio0/input/input2
[    1.205950] rtc_cmos rtc_cmos: rtc core: registered rtc_cmos as rtc0
[    1.208216] rtc_cmos rtc_cmos: alarms up to one day, 114 bytes nvram
[    1.210414] i2c /dev entries driver
[    1.211756] device-mapper: uevent: version 1.0.3
[    1.213593] device-mapper: ioctl: 4.37.0-ioctl (2017-09-20) initialised: dm-devel@redhat.com
[    1.216679] ledtrig-cpu: registered to indicate activity on CPUs
[    1.219531] NET: Registered protocol family 10
[    1.229172] Segment Routing with IPv6
[    1.230690] NET: Registered protocol family 17
[    1.232606] Key type dns_resolver registered
[    1.234847] mce: Using 0 MCE banks
[    1.236315] RAS: Correctable Errors collector initialized.
[    1.238521] sched_clock: Marking stable (1238459239, 0)->(1668868939, -430409700)
[    1.242671] registered taskstats version 1
[    1.244218] Loading compiled-in X.509 certificates
[    1.251123] Loaded X.509 cert 'Build time autogenerated kernel key: f0020782f0d3a548186fb3f47aed88387a71e859'
[    1.255095] zswap: loaded using pool lzo/zbud
[    1.263657] Key type big_key registered
[    1.265216] Key type trusted registered
[    1.270183] Key type encrypted registered
[    1.271787] AppArmor: AppArmor sha1 policy hashing enabled
[    1.273852] ima: No TPM chip found, activating TPM-bypass! (rc=-19)
[    1.276044] ima: Allocated hash algorithm: sha1
[    1.277789] evm: HMAC attrs: 0x1
[    1.279462]   Magic number: 12:48:445
[    1.281183] rtc_cmos rtc_cmos: setting system clock to 2020-03-09 19:25:57 UTC (1583781957)
[    1.284376] BIOS EDD facility v0.16 2004-Jun-25, 0 devices found
[    1.286581] EDD information not available.
[    1.340640] Freeing unused kernel image memory: 2428K
[    1.441792] Write protecting the kernel read-only data: 20480k
[    1.448199] Freeing unused kernel image memory: 2008K
[    1.453678] Freeing unused kernel image memory: 1880K
[    1.488629] x86/mm: Checked W+X mappings: passed, no W+X pages found.
[    1.491323] x86/mm: Checking user space page tables
[    1.506091] x86/mm: Checked W+X mappings: passed, no W+X pages found.
Loading, please wait...
starting version 237
[    1.717381] Fusion MPT base driver 3.04.20
[    1.719487] Copyright (c) 1999-2008 LSI Corporation
[    1.736751] e1000: Intel(R) PRO/1000 Network Driver - version 7.3.21-k8-NAPI
[    1.740248] e1000: Copyright (c) 1999-2006 Intel Corporation.
[    1.751337] Fusion MPT SPI Host driver 3.04.20
[    2.064888] input: ImExPS/2 Generic Explorer Mouse as /devices/platform/i8042/serio1/input/input4
[    2.753979] e1000 0000:00:03.0 eth0: (PCI:33MHz:32-bit) 02:2a:ce:cf:0d:74
[    2.758676] e1000 0000:00:03.0 eth0: Intel(R) PRO/1000 Network Connection
[    2.765616] mptbase: ioc0: Initiating bringup
[    2.766727] e1000 0000:00:03.0 enp0s3: renamed from eth0
[    3.351672] ioc0: LSI53C1030 A0: Capabilities={Initiator}
[    3.875020] scsi host2: ioc0: LSI53C1030 A0, FwRev=00000000h, Ports=1, MaxQ=256, IRQ=20
[    4.419128] scsi 2:0:0:0: Direct-Access     VBOX     HARDDISK         1.0  PQ: 0 ANSI: 5
[    4.464427] scsi target2:0:0: Beginning Domain Validation
[    4.476359] scsi target2:0:0: Domain Validation skipping write tests
[    4.481719] scsi target2:0:0: Ending Domain Validation
[    4.486368] scsi target2:0:0: asynchronous
[    4.492475] scsi 2:0:1:0: Direct-Access     VBOX     HARDDISK         1.0  PQ: 0 ANSI: 5
[    4.528837] scsi target2:0:1: Beginning Domain Validation
[    4.534755] random: fast init done
[    4.539619] scsi target2:0:1: Domain Validation skipping write tests
[    4.542633] scsi target2:0:1: Ending Domain Validation
[    4.545475] scsi target2:0:1: asynchronous
[    4.561104] random: systemd-udevd: uninitialized urandom read (16 bytes read)
[    4.564397] random: systemd-udevd: uninitialized urandom read (16 bytes read)
[    4.567816] sd 2:0:0:0: Attached scsi generic sg0 type 0
[    4.569922] random: systemd-udevd: uninitialized urandom read (16 bytes read)
[    4.573131] sd 2:0:0:0: [sda] 41943040 512-byte logical blocks: (21.5 GB/20.0 GiB)
[    4.576161] sd 2:0:0:0: [sda] Write Protect is off
[    4.578276] sd 2:0:1:0: Attached scsi generic sg1 type 0
[    4.580278] sd 2:0:0:0: [sda] Incomplete mode parameter data
[    4.582386] sd 2:0:0:0: [sda] Assuming drive cache: write through
[    4.584841] sd 2:0:1:0: [sdb] 20480 512-byte logical blocks: (10.5 MB/10.0 MiB)
[    4.587675] sd 2:0:1:0: [sdb] Write Protect is off
[    4.590289] sd 2:0:1:0: [sdb] Incomplete mode parameter data
[    4.592033]  sda: sda1
[    4.593246] sd 2:0:1:0: [sdb] Assuming drive cache: write through
[    4.595327] sd 2:0:0:0: [sda] Attached SCSI disk
[    4.604209] sd 2:0:1:0: [sdb] Attached SCSI disk
Begin: Loading essential drivers ... [    6.344570] raid6: sse2x1   gen()  3467 MB/s
[    6.392322] raid6: sse2x1   xor()  3342 MB/s
[    6.440193] raid6: sse2x2   gen()  5479 MB/s
[    6.488026] raid6: sse2x2   xor()  4370 MB/s
[    6.536054] raid6: sse2x4   gen()  6499 MB/s
[    6.584576] raid6: sse2x4   xor()  4795 MB/s
[    6.586214] raid6: using algorithm sse2x4 gen() 6499 MB/s
[    6.588533] raid6: .... xor() 4795 MB/s, rmw enabled
[    6.590740] raid6: using ssse3x2 recovery algorithm
[    6.595437] xor: measuring software checksum speed
[    6.636227]    prefetch64-sse: 10279.000 MB/sec
[    6.677269]    generic_sse: 10892.000 MB/sec
[    6.678885] xor: using function: generic_sse (10892.000 MB/sec)
[    6.683700] async_tx: api initialized (async)
done.
Begin: Running /scripts/init-premount ... done.
Begin: Mounting root file system ... Begin: Running /scripts/local-top ... done.
Begin: Running /scripts/local-premount ... [    6.767006] Btrfs loaded, crc32c=crc32c-intel
Scanning for Btrfs filesystems
done.
Warning: fsck not present, so skipping root file system
[    6.824129] EXT4-fs (sda1): mounted filesystem with ordered data mode. Opts: (null)
done.
Begin: Running /scripts/local-bottom ... done.
Begin: Running /scripts/init-bottom ... done.
[    7.183127] ip_tables: (C) 2000-2006 Netfilter Core Team
[    7.207201] systemd[1]: systemd 237 running in system mode. (+PAM +AUDIT +SELINUX +IMA +APPARMOR +SMACK +SYSVINIT +UTMP +LIBCRYPTSETUP +GCRYPT +GNUTLS +ACL +XZ +LZ4 +SECCOMP +BLKID +ELFUTILS +KMOD -IDN2 +IDN -PCRE2 default-hierarchy=hybrid)
[    7.215235] systemd[1]: Detected virtualization oracle.
[    7.217286] systemd[1]: Detected architecture x86-64.

Welcome to [1mUbuntu 18.04.4 LTS[0m!

[    7.228592] systemd[1]: Set hostname to <ubuntu>.
[    7.243074] systemd[1]: Initializing machine ID from random generator.
[    7.246276] systemd[1]: Installed transient /etc/machine-id file.
[    7.713181] systemd[1]: Created slice User and Session Slice.
[[0;32m  OK  [0m] Created slice User and Session Slice.
[    7.717578] systemd[1]: Reached target Swap.
[[0;32m  OK  [0m] Reached target Swap.
[    7.721368] systemd[1]: Started Forward Password Requests to Wall Directory Watch.
[[0;32m  OK  [0m] Started Forward Password Requests to Wall Directory Watch.
[    7.726867] systemd[1]: Set up automount Arbitrary Executable File Formats File System Automount Point.
[[0;32m  OK  [0m] Set up automount Arbitrary Executabâ€¦rmats File System Automount Point.
[[0;32m  OK  [0m] Reached target User and Group Name Lookups.
[[0;32m  OK  [0m] Created slice System Slice.
[[0;32m  OK  [0m] Listening on udev Kernel Socket.
[[0;32m  OK  [0m] Listening on Device-mapper event daemon FIFOs.
[[0;32m  OK  [0m] Listening on LVM2 poll daemon socket.
[[0;32m  OK  [0m] Listening on LVM2 metadata daemon socket.
[[0;32m  OK  [0m] Listening on Journal Socket (/dev/log).
[[0;32m  OK  [0m] Reached target Slices.
[[0;32m  OK  [0m] Listening on Syslog Socket.
[[0;32m  OK  [0m] Listening on Journal Socket.
         Starting Create list of required stâ€¦ce nodes for the current kernel...
         Mounting Huge Pages File System...
         Starting Remount Root and Kernel File Systems...
         Starting Monitoring of LVM2 mirrorsâ€¦ng dmeventd or progress polling...
         Starting Uncomplicated firewall...
         Starting Set the console keyboard layout...
         Mounting Kernel Debug File System...
         Starting Load Kernel Modules...
[    7.878833] EXT4-fs (sda1): re-mounted. Opts: (null)
         Mounting POSIX Message Queue File System...
[[0;32m  OK  [0m] Listening on Network Service Netlink Socket.
[[0;32m  OK  [0m] Created slice system-serial\x2dgetty.slice.
[    7.911543] Loading iSCSI transport class v2.0-870.
[[0;32m  OK  [0m] Listening on udev Control Socket.
         Starting udev Coldplug all Devices...
[[0;32m  OK  [0m] Listening on Journal Audit Socket.
         Starting Journal Service...
[[0;32m  OK  [0m] Listening on /dev/initctl Compatibility Named Pipe.
[[0;32m  OK  [0m] Reached target System Time Synchronized.
[[0;32m  OK  [0m] Started Create list of required staâ€¦vice nodes for the current kernel.
[[0;32m  OK  [0m] Mounted Huge Pages File System.
[[0;32m  OK  [0m] Started Remount Root and Kernel File Systems.
[[0;32m  OK  [0m] Started Uncomplicated firewall.
[[0;32m  OK  [0m] Mounted Kernel Debug File System.
[[0;32m  OK  [0m] Mounted POSIX Message Queue File System.
[[0;32m  OK  [0m] Started LVM2 metadata daemon.
         Starting Load/Save Random Seed...
         Starting Create Static Device Nodes in /dev...
[[0;32m  OK  [0m] Started Load/Save Random Seed.
[    8.009918] iscsi: registered transport (tcp)
[[0;32m  OK  [0m] Started Monitoring of LVM2 mirrors,â€¦sing dmeventd or progress polling.
[[0;32m  OK  [0m] Started Set the console keyboard layout.
[[0;32m  OK  [0m] Started Create Static Device Nodes in /dev.
         Starting udev Kernel Device Manager...
[[0;32m  OK  [0m] Reached target Local File Systems (Pre).
[[0;32m  OK  [0m] Reached target Local File Systems.
         Starting Commit a transient machine-id on disk...
         Starting AppArmor initialization...
         Starting Tell Plymouth To Write Out Runtime Data...
         Starting ebtables ruleset management...
         Starting Set console font and keymap...
[[0;32m  OK  [0m] Started udev Coldplug all Devices.
[[0;32m  OK  [0m] Started Journal Service.
         Starting Flush Journal to Persistent Storage...
[[0;32m  OK  [0m] Started Tell Plymouth To Write Out Runtime Data.
[[0;32m  OK  [0m] Started Set console font and keymap.
[[0;32m  OK  [0m] Started udev Kernel Device Manager.
[[0;32m  OK  [0m] Started Dispatch Password Requests to Console Directory Watch.
[[0;32m  OK  [0m] Reached target Local Encrypted Volumes.
[    8.304043] systemd-journald[378]: Received request to flush runtime journal from PID 1
[    8.328714] iscsi: registered transport (iser)
[[0;32m  OK  [0m] Started Load Kernel Modules.
         Starting Apply Kernel Variables...
         Mounting FUSE Control File System...
         Mounting Kernel Configuration File System...
[[0;32m  OK  [0m] Started Commit a transient machine-id on disk.
[[0;32m  OK  [0m] Mounted FUSE Control File System.
[[0;32m  OK  [0m] Mounted Kernel Configuration File System.
[[0;32m  OK  [0m] Started Apply Kernel Variables.
[[0;32m  OK  [0m] Started ebtables ruleset management.
[[0;32m  OK  [0m] Started Flush Journal to Persistent Storage.
         Starting Create Volatile Files and Directories...
[[0;32m  OK  [0m] Started Create Volatile Files and Directories.
         Starting Update UTMP about System Boot/Shutdown...
[[0;32m  OK  [0m] Started Update UTMP about System Boot/Shutdown.
[[0;32m  OK  [0m] Found device /dev/ttyS0.
[[0;32m  OK  [0m] Listening on Load/Save RF Kill Switch Status /dev/rfkill Watch.
[[0;32m  OK  [0m] Started AppArmor initialization.
         Starting Initial cloud-init job (pre-networking)...
[   12.648097] cloud-init[515]: Cloud-init v. 19.4-33-gbb4131a2-0ubuntu1~18.04.1 running 'init-local' at Mon, 09 Mar 2020 19:26:08 +0000. Up 11.95 seconds.
[[0;32m  OK  [0m] Started Initial cloud-init job (pre-networking).
[[0;32m  OK  [0m] Reached target Network (Pre).
         Starting Network Service...
[[0;32m  OK  [0m] Started Network Service.
         Starting Wait for Network to be Configured...
         Starting Network Name Resolution...
[[0;32m  OK  [0m] Started Network Name Resolution.
[[0;32m  OK  [0m] Reached target Network.
[[0;32m  OK  [0m] Reached target Host and Network Name Lookups.
[[0;32m  OK  [0m] Started Wait for Network to be Configured.
         Starting Initial cloud-init job (metadata service crawler)...
[   15.222984] cloud-init[633]: Cloud-init v. 19.4-33-gbb4131a2-0ubuntu1~18.04.1 running 'init' at Mon, 09 Mar 2020 19:26:11 +0000. Up 14.89 seconds.
[   15.228434] cloud-init[633]: ci-info: +++++++++++++++++++++++++++++++++++++Net device info++++++++++++++++++++++++++++++++++++++
[   15.232399] cloud-init[633]: ci-info: +--------+------+---------------------------+---------------+--------+-------------------+
[   15.236187] cloud-init[633]: ci-info: | Device |  Up  |          Address          |      Mask     | Scope  |     Hw-Address    |
[   15.239873] cloud-init[633]: ci-info: +--------+------+---------------------------+---------------+--------+-------------------+
[   15.244070] cloud-init[633]: ci-info: | enp0s3 | True |         10.0.2.15         | 255.255.255.0 | global | 02:2a:ce:cf:0d:74 |
[   15.248189] cloud-init[633]: ci-info: | enp0s3 | True | fe80::2a:ceff:fecf:d74/64 |       .       |  link  | 02:2a:ce:cf:0d:74 |
[   15.253367] cloud-init[633]: ci-info: |   lo   | True |         127.0.0.1         |   255.0.0.0   |  host  |         .         |
[   15.258818] cloud-init[633]: ci-info: |   lo   | True |          ::1/128          |       .       |  host  |         .         |
[   15.262915] cloud-init[633]: ci-info: +--------+------+---------------------------+---------------+--------+-------------------+
[   15.267965] cloud-init[633]: ci-info: ++++++++++++++++++++++++++++Route IPv4 info+++++++++++++++++++++++++++++
[   15.272617] cloud-init[633]: ci-info: +-------+-------------+----------+-----------------+-----------+-------+
[   15.277285] cloud-init[633]: ci-info: | Route | Destination | Gateway  |     Genmask     | Interface | Flags |
[   15.281733] cloud-init[633]: ci-info: +-------+-------------+----------+-----------------+-----------+-------+
[   15.285328] cloud-init[633]: ci-info: |   0   |   0.0.0.0   | 10.0.2.2 |     0.0.0.0     |   enp0s3  |   UG  |
[   15.288437] cloud-init[633]: ci-info: |   1   |   10.0.2.0  | 0.0.0.0  |  255.255.255.0  |   enp0s3  |   U   |
[   15.291850] cloud-init[633]: ci-info: |   2   |   10.0.2.2  | 0.0.0.0  | 255.255.255.255 |   enp0s3  |   UH  |
[   15.295121] cloud-init[633]: ci-info: +-------+-------------+----------+-----------------+-----------+-------+
[   15.299074] cloud-init[633]: ci-info: +++++++++++++++++++Route IPv6 info+++++++++++++++++++
[   15.302828] cloud-init[633]: ci-info: +-------+-------------+---------+-----------+-------+
[   15.306776] cloud-init[633]: ci-info: | Route | Destination | Gateway | Interface | Flags |
[   15.310627] cloud-init[633]: ci-info: +-------+-------------+---------+-----------+-------+
[   15.313989] cloud-init[633]: ci-info: |   1   |  fe80::/64  |    ::   |   enp0s3  |   U   |
[   15.318093] cloud-init[633]: ci-info: |   3   |    local    |    ::   |   enp0s3  |   U   |
[   15.321713] cloud-init[633]: ci-info: |   4   |   ff00::/8  |    ::   |   enp0s3  |   U   |
[   15.325461] cloud-init[633]: ci-info: +-------+-------------+---------+-----------+-------+
[   16.422793] cloud-init[633]: Generating public/private rsa key pair.
[   16.425955] cloud-init[633]: Your identification has been saved in /etc/ssh/ssh_host_rsa_key.
[   16.430061] cloud-init[633]: Your public key has been saved in /etc/ssh/ssh_host_rsa_key.pub.
[   16.434124] cloud-init[633]: The key fingerprint is:
[   16.436699] cloud-init[633]: SHA256:S3oObTLXMhPSGcwdOQc5YNsiNpk37/cwHGDzDrUtoCw root@ubuntu-bionic
[   16.441058] cloud-init[633]: The key's randomart image is:
[   16.443953] cloud-init[633]: +---[RSA 2048]----+
[   16.446599] cloud-init[633]: |        o.o+     |
[   16.449145] cloud-init[633]: |       * +=..    |
[   16.451576] cloud-init[633]: |      * O B+.    |
[   16.454033] cloud-init[633]: |     . * O * o   |
[   16.456559] cloud-init[633]: |      E S o = .  |
[   16.459135] cloud-init[633]: |       * = + o   |
[   16.461732] cloud-init[633]: |      = X o *    |
[   16.464328] cloud-init[633]: |       O + . +   |
[   16.466356] cloud-init[633]: |        .     .  |
[   16.468924] cloud-init[633]: +----[SHA256]-----+
[   16.471475] cloud-init[633]: Generating public/private dsa key pair.
[   16.474856] cloud-init[633]: Your identification has been saved in /etc/ssh/ssh_host_dsa_key.
[   16.479015] cloud-init[633]: Your public key has been saved in /etc/ssh/ssh_host_dsa_key.pub.
[   16.482934] cloud-init[633]: The key fingerprint is:
[   16.485720] cloud-init[633]: SHA256:RChTj331K4EfyBit8GAIANgIAJSEepg5Bh2Vh4SsQSU root@ubuntu-bionic
[   16.490083] cloud-init[633]: The key's randomart image is:
[   16.493037] cloud-init[633]: +---[DSA 1024]----+
[   16.495500] cloud-init[633]: |^E=Bo=..o.  .    |
[   16.498002] cloud-init[633]: |*.* * *= +.+ .   |
[   16.500598] cloud-init[633]: |o*   =.+=.= o .  |
[   16.503130] cloud-init[633]: |B..    .o. . o . |
[   16.505693] cloud-init[633]: |.o      S   o .  |
[   16.507645] cloud-init[633]: |             .   |
[   16.509530] cloud-init[633]: |                 |
[   16.511201] cloud-init[633]: |                 |
[   16.513183] cloud-init[633]: |                 |
[   16.524430] cloud-init[633]: +----[SHA256]-----+
[   16.526614] cloud-init[633]: Generating public/private ecdsa key pair.
[   16.529935] cloud-init[633]: Your identification has been saved in /etc/ssh/ssh_host_ecdsa_key.
[   16.533996] cloud-init[633]: Your public key has been saved in /etc/ssh/ssh_host_ecdsa_key.pub.
[   16.538214] cloud-init[633]: The key fingerprint is:
[   16.540732] cloud-init[[0;32m  OK  [0m] Started Initial cloud-init job (metadata service crawler).
[[0;32m  OK  [0m] Reached target Network is Online.
[633]: SHA256:RI93VcMO5/Btb3vvpslBq/cJDgcrhVfdCQpCBMaPhVM root@ubuntu-bionic
         Starting Availability of block devices...
[[0;32m  OK  [0m] Reached target Remote File Systems (Pre).
[[0;32m  OK  [0m] Reached target Remote File Systems.
[[0;32m  OK  [0m] Reached target System Initialization.
[[0;32m  OK  [0m] Started ACPI Events Check.
[[0;32m  OK  [0m] Listening on UUID daemon activation socket.
[[0;32m  OK  [0m] Listening on Open-iSCSI iscsid Socket.
[[0;32m  OK  [0m] Listening on D-Bus System Message Bus Socket.
[   16.553695] cloud-init[633]: The key's randomart image is:
[[0;32m  OK  [0m] Started Daily apt download activities.
         Starting Socket activation for snappy daemon.
[   16.574741] cloud-init[633]: +---[ECDSA 256]---+
[[0;32m  OK  [0m] Started Discard unused blocks once a week.
[   16.582498] cloud-init[633]: |    .o*E..   .oo.|[[0;32m  OK  [0m] Started Daily apt upgrade and clean activities.
[[0;32m  OK  [0m] Started Daily Cleanup of Temporary Directories.

[   16.590586] cloud-init[633]: |    .+ o.o. .+oo+|
[   16.592617] cloud-init[633]: |      = o o...Boo|
[   16.594531] cloud-init[633]: |     . o ....  +o|
[   16.596386] cloud-init[633]: |        S. +  ...|
[   16.598064] cloud-init[633]: |          o o. .o|
[   16.600098] cloud-init[633]: |         . o oo..|
[   16.601955] cloud-init[633]: |          . +oo++|
[   16.603717] cloud-init[633]: |            .o+**|
         Starting LXD - unix socket.
[   16.608216] cloud-init[633]: +----[SHA256]-----+
[   16.611080] cloud-init[633]: Generating public/private ed25519 key pair.
[[   16.613511] cloud-init[633]: Your identification has been saved in /etc/ssh/ssh_host_ed25519_key.
[   16.613831] cloud-init[633]: Your public key has been saved in /etc/ssh/ssh_host_ed25519_key.pub.
[0;32m  OK  [0m] Started Message of the Day.
[[   16.614957] cloud-init[633]: The key fingerprint is:
[   16.621828] cloud-init[633]: SHA256:bqjRH0wmmX6m+Dzi25bu/iVvaM9mdywpuMbaX3gApGk root@ubuntu-bionic
[0;32m  OK  [0m] Reached target Timers.
[[0;32m  OK  [0m] Listening on ACPID Listen Socket.[   16.623578] cloud-init[633]: The key's randomart image is:
[   16.630017] cloud-init[633]: +--[ED25519 256]--+
[   16.632973] cloud-init[633]: |        .        |
[   16.633796] cloud-init[633]: |       +         |
[   16.635470] 
[[0;32m  OK  [0m] Reached target Paths.cloud-init[633]: |      E .        |
[   16.639411] cloud-init[633]: |     . o .       |
[   16.640964] cloud-init[633]: |      + S .      |
[   16.642123] cloud-init[633]: |     o B   o     |

[   16.643527] cloud-init[633]: |    . +oOoo oo   |
[   16.647334] cloud-init[633]: |    .*+B**=o+ o  |
[[0;32m  OK  [0m] [   16.649408] cloud-init[633]: |   .=OX*=B=o o   |
[   16.650181] cloud-init[633]: +----[SHA256]-----+
Reached target Cloud-config availability.
[[0;32m  OK  [0m] Started Availability of block devices.
[[0;32m  OK  [0m] Listening on Socket activation for snappy daemon.
[[0;32m  OK  [0m] Listening on LXD - unix socket.
[[0;32m  OK  [0m] Reached target Sockets.
[[0;32m  OK  [0m] Reached target Basic System.
         Starting LSB: automatic crash report generation...
         Starting LSB: Record successful boot for GRUB...
[[0;32m  OK  [0m] Started Regular background program processing daemon.
         Starting Virtualbox guest utils...
[[0;32m  OK  [0m] Started Deferred execution scheduler.
[[0;32m  OK  [0m] Started D-Bus System Message Bus.
         Starting System Logging Service...
         Starting LXD - container startup/shutdown...
         Starting Permit User Sessions...
         Starting Snappy daemon...
[[0;32m  OK  [0m] Started FUSE filesystem for LXC.
         Starting Pollinate to seed the pseudo random number generator...
         Starting Accounts Service...
         Starting Dispatcher daemon for systemd-networkd...
         Starting Login Service...
[[0;32m  OK  [0m] Started irqbalance daemon.
[[0;32m  OK  [0m] Started System Logging Service.
[[0;32m  OK  [0m] Started Permit User Sessions.
         Starting Authorization Manager...
         Starting Hold until boot process finishes up...
         Starting Terminate Plymouth Boot Screen...
[[0;32m  OK  [0m] Started Hold until boot process finishes up.
[[0;32m  OK  [0m] Started Terminate Plymouth Boot Screen.
         Starting Set console scheme...
[[0;32m  OK  [0m] Started Serial Getty on ttyS0.
[[0;32m  OK  [0m] Started Login Service.
[[0;32m  OK  [0m] Started Unattended Upgrades Shutdown.
[[0;32m  OK  [0m] Started Set console scheme.
[[0;32m  OK  [0m] Created slice system-getty.slice.
[[0;32m  OK  [0m] Started Getty on tty1.
[[0;32m  OK  [0m] Reached target Login Prompts.
[[0;32m  OK  [0m] Started LSB: automatic crash report generation.
[[0;32m  OK  [0m] Started LSB: Record successful boot for GRUB.
[[0;32m  OK  [0m] Started Authorization Manager.
[[0;32m  OK  [0m] Started Accounts Service.
[[0;32m  OK  [0m] Started Virtualbox guest utils.
[[0;32m  OK  [0m] Started LXD - container startup/shutdown.
[[0;32m  OK  [0m] Started Dispatcher daemon for systemd-networkd.
[[0;32m  OK  [0m] Started Snappy daemon.
         Starting Wait until snapd is fully seeded...
[[0;32m  OK  [0m] Started Wait until snapd is fully seeded.
         Starting Apply the settings specified in cloud-config...
[   21.579844] cloud-init[1090]: Cloud-init v. 19.4-33-gbb4131a2-0ubuntu1~18.04.1 running 'modules:config' at Mon, 09 Mar 2020 19:26:16 +0000. Up 20.54 seconds.
[[0;32m  OK  [0m] Started Apply the settings specified in cloud-config.

Ubuntu 18.04.4 LTS ubuntu-bionic ttyS0

ubuntu-bionic login: ci-info: no authorized SSH keys fingerprints found for user ubuntu.
<14>Mar  9 19:26:25 ec2: 
<14>Mar  9 19:26:25 ec2: #############################################################
<14>Mar  9 19:26:25 ec2: -----BEGIN SSH HOST KEY FINGERPRINTS-----
<14>Mar  9 19:26:25 ec2: 1024 SHA256:RChTj331K4EfyBit8GAIANgIAJSEepg5Bh2Vh4SsQSU root@ubuntu-bionic (DSA)
<14>Mar  9 19:26:25 ec2: 256 SHA256:RI93VcMO5/Btb3vvpslBq/cJDgcrhVfdCQpCBMaPhVM root@ubuntu-bionic (ECDSA)
<14>Mar  9 19:26:25 ec2: 256 SHA256:bqjRH0wmmX6m+Dzi25bu/iVvaM9mdywpuMbaX3gApGk root@ubuntu-bionic (ED25519)
<14>Mar  9 19:26:25 ec2: 2048 SHA256:S3oObTLXMhPSGcwdOQc5YNsiNpk37/cwHGDzDrUtoCw root@ubuntu-bionic (RSA)
<14>Mar  9 19:26:25 ec2: -----END SSH HOST KEY FINGERPRINTS-----
<14>Mar  9 19:26:25 ec2: #############################################################
-----BEGIN SSH HOST KEY KEYS-----
ecdsa-sha2-nistp256 AAAAE2VjZHNhLXNoYTItbmlzdHAyNTYAAAAIbmlzdHAyNTYAAABBBMd9T80LUboadkBvyPikpYJe89CkmkNFuuF14b2XRskBgXcTAc/OjuS7Dd0uHQn3BjVI56v4dk7CN7Vu4crxsFA= root@ubuntu-bionic
ssh-ed25519 AAAAC3NzaC1lZDI1NTE5AAAAIJjkK93BbLOfOwdikIa51hEC2LaK949sh/9r3rCuHH6F root@ubuntu-bionic
ssh-rsa AAAAB3NzaC1yc2EAAAADAQABAAABAQDIQTyXghNsm1xZFffy3s7FrnxF33g3bg6adRlsj4aryuFmzLsu9Gqv0z9u+bfWm8sRB5I0l39jUkULlIV4/BKthN1ejT82Y0OLNLATkxDZRhHNpYgKWjkZHjAhabYNMu110geHJgTMUV8n4diupwheevS/Z1Pe6+NSnhtCiWOYZKX6wCw2LA40qTPADPrPfaSu4yI591snFaFO9OR2B+t+/QWJhj0eC5xV2cNz3BhrgnYz+skF0Fi3u9eLXiFvwvpYXYPRJKStbB5kr5W2TX0S/CHL3+yN/s2sUGlyonxG1sE8nsfeG7eQB8wFwGIbrP2YBqj/IeXo2ZYrzrUJj8OT root@ubuntu-bionic
-----END SSH HOST KEY KEYS-----
[   29.512083] cloud-init[1185]: Cloud-init v. 19.4-33-gbb4131a2-0ubuntu1~18.04.1 running 'modules:final' at Mon, 09 Mar 2020 19:26:25 +0000. Up 29.16 seconds.
[   29.512484] cloud-init[1185]: ci-info: no authorized SSH keys fingerprints found for user ubuntu.
[   29.515236] cloud-init[1185]: Cloud-init v. 19.4-33-gbb4131a2-0ubuntu1~18.04.1 finished at Mon, 09 Mar 2020 19:26:25 +0000. Datasource DataSourceNoCloud [seed=/dev/sdb][dsmode=net].  Up 29.46 seconds
         Stopping Authorization Manager...
[[0;32m  OK  [0m] Closed Load/Save RF Kill Switch Status /dev/rfkill Watch.
         Stopping User Manager for UID 1000...
[[0;32m  OK  [0m] Stopped target Cloud-init target.
         Stopping Availability of block devices...
         Stopping Session 7 of user vagrant.
[[0;32m  OK  [0m] Stopped Execute cloud user/final scripts.
[[0;32m  OK  [0m] Stopped target Timers.
[[0;32m  OK  [0m] Stopped Discard unused blocks once a week.
[[0;32m  OK  [0m] Stopped Message of the Day.
[[0;32m  OK  [0m] Stopped Daily apt upgrade and clean activities.
[[0;32m  OK  [0m] Stopped Daily apt download activities.
[[0;32m  OK  [0m] Stopped Daily Cleanup of Temporary Directories.
[[0;32m  OK  [0m] Stopped target Host and Network Name Lookups.
[[0;32m  OK  [0m] Stopped Apply the settings specified in cloud-config.
[[0;32m  OK  [0m] Stopped target Cloud-config availability.
[[0;32m  OK  [0m] Stopped target Graphical Interface.
         Stopping Accounts Service...
[[0;32m  OK  [0m] Stopped target Multi-User System.
         Stopping Docker Application Container Engine...
         Stopping Dispatcher daemon for systemd-networkd...
         Stopping FUSE filesystem for LXC...
         Stopping System Logging Service...
         Stopping Deferred execution scheduler...
         Stopping Regular background program processing daemon...
         Stopping LXD - container startup/shutdown...
         Stopping Virtualbox guest utils...
         Stopping Unattended Upgrades Shutdown...
         Stopping D-Bus System Message Bus...
[[0;32m  OK  [0m] Stopped Wait until snapd is fully seeded.
         Stopping LSB: automatic crash report generation...
         Stopping LSB: Record successful boot for GRUB...
         Stopping OpenBSD Secure Shell server...
         Stopping irqbalance daemon...
[[0;32m  OK  [0m] Stopped target Login Prompts.
         Stopping Serial Getty on ttyS0...
         Stopping Getty on tty1...
[[0;32m  OK  [0m] Stopped target System Time Synchronized.
[[0;32m  OK  [0m] Unmounted /var/lib/lxcfs.
[[0;32m  OK  [0m] Stopped Regular background program processing daemon.
[[0;32m  OK  [0m] Stopped Deferred execution scheduler.
[[0;32m  OK  [0m] Stopped System Logging Service.
[[0;32m  OK  [0m] Stopped Accounts Service.
[[0;32m  OK  [0m] Stopped Dispatcher daemon for systemd-networkd.
[[0;32m  OK  [0m] Stopped irqbalance daemon.
[[0;32m  OK  [0m] Stopped Authorization Manager.
[[0;32m  OK  [0m] Stopped Serial Getty on ttyS0.
[[0;32m  OK  [0m] Stopped Getty on tty1.
[[0;32m  OK  [0m] Stopped Unattended Upgrades Shutdown.
[[0;32m  OK  [0m] Stopped OpenBSD Secure Shell server.
[[0;32m  OK  [0m] Stopped Docker Application Container Engine.
[[0;32m  OK  [0m] Stopped User Manager for UID 1000.
[[0;32m  OK  [0m] Stopped Availability of block devices.
[[0;32m  OK  [0m] Stopped D-Bus System Message Bus.
[[0;32m  OK  [0m] Stopped FUSE filesystem for LXC.
[[0;32m  OK  [0m] Stopped Session 7 of user vagrant.
[[0;32m  OK  [0m] Stopped LXD - container startup/shutdown.
[[0;32m  OK  [0m] Removed slice User Slice of vagrant.
         Stopping containerd container runtime...
[[0;32m  OK  [0m] Stopped target Network is Online.
         Stopping Login Service...
[[0;32m  OK  [0m] Removed slice system-getty.slice.
         Stopping Permit User Sessions...
[[0;32m  OK  [0m] Removed slice system-serial\x2dgetty.slice.
[[0;32m  OK  [0m] Stopped containerd container runtime.
[[0;32m  OK  [0m] Stopped Permit User Sessions.
[[0;32m  OK  [0m] Stopped target Network.
         Stopping Network Name Resolution...
[[0;32m  OK  [0m] Stopped LSB: Record successful boot for GRUB.
[[0;32m  OK  [0m] Stopped Network Name Resolution.
[[0;32m  OK  [0m] Stopped LSB: automatic crash report generation.
[[0;32m  OK  [0m] Stopped target Remote File Systems.
[[0;32m  OK  [0m] Stopped target Remote File Systems (Pre).
[[0;32m  OK  [0m] Stopped Login Service.
[[0;32m  OK  [0m] Stopped target User and Group Name Lookups.
[[0;32m  OK  [0m] Stopped Virtualbox guest utils.
[[0;32m  OK  [0m] Stopped target Basic System.
[[0;32m  OK  [0m] Stopped target Slices.
[[0;32m  OK  [0m] Removed slice User and Session Slice.
[[0;32m  OK  [0m] Stopped target Sockets.
[[0;32m  OK  [0m] Closed Syslog Socket.
[[0;32m  OK  [0m] Closed Docker Socket for the API.
[[0;32m  OK  [0m] Closed Socket activation for snappy daemon.
[[0;32m  OK  [0m] Closed D-Bus System Message Bus Socket.
[[0;32m  OK  [0m] Closed UUID daemon activation socket.
[[0;32m  OK  [0m] Closed Open-iSCSI iscsid Socket.
[[0;32m  OK  [0m] Closed LXD - unix socket.
[[0;32m  OK  [0m] Closed ACPID Listen Socket.
[[0;32m  OK  [0m] Stopped target Paths.
[[0;32m  OK  [0m] Stopped ACPI Events Check.
[[0;32m  OK  [0m] Stopped target System Initialization.
[[0;32m  OK  [0m] Stopped Initial cloud-init job (metadata service crawler).
[[0;32m  OK  [0m] Stopped Wait for Network to be Configured.
         Stopping Network Service...
         Stopping Update UTMP about System Boot/Shutdown...
[[0;32m  OK  [0m] Stopped Commit a transient machine-id on disk.
         Stopping Load/Save Random Seed...
[[0;32m  OK  [0m] Stopped target Local Encrypted Volumes.
[[0;32m  OK  [0m] Stopped Dispatch Password Requests to Console Directory Watch.
[[0;32m  OK  [0m] Stopped Forward Password Requests to Wall Directory Watch.
[[0;32m  OK  [0m] Stopped Update UTMP about System Boot/Shutdown.
[[0;32m  OK  [0m] Stopped Create Volatile Files and Directories.
[[0;32m  OK  [0m] Stopped target Local File Systems.
         Unmounting /vagrant...
         Unmounting /run/user/1000...
[[0;32m  OK  [0m] Stopped Network Service.
[[0;32m  OK  [0m] Stopped Load/Save Random Seed.
[[0;32m  OK  [0m] Stopped Apply Kernel Variables.
[[0;32m  OK  [0m] Stopped Load Kernel Modules.
[[0;32m  OK  [0m] Stopped target Network (Pre).
[[0;32m  OK  [0m] Stopped Initial cloud-init job (pre-networking).
[[0;32m  OK  [0m] Unmounted /vagrant.
[[0;32m  OK  [0m] Unmounted /run/user/1000.
[[0;32m  OK  [0m] Stopped target Swap.
[[0;32m  OK  [0m] Reached target Unmount All Filesystems.
[[0;32m  OK  [0m] Stopped target Local File Systems (Pre).
         Stopping Monitoring of LVM2 mirrorsâ€¦ng dmeventd or progress polling...
[[0;32m  OK  [0m] Stopped Remount Root and Kernel File Systems.
[[0;32m  OK  [0m] Stopped Create Static Device Nodes in /dev.
[[0;32m  OK  [0m] Reached target Shutdown.
[[0;32m  OK  [0m] Reached target Final Step.
         Starting Power-Off...
[ 2118.500237] reboot: Power down
